// Jest Snapshot v1, https://goo.gl/fbAQLP

exports[`App Component renders 1`] = `
<div
  className="app"
>
  <Connect(Nav) />
  <div
    className="col-md-7"
  >
    <Connect(VideoPlayer) />
  </div>
  <div
    className="col-md-5"
  >
    <Connect(VideoList) />
  </div>
</div>
`;
